# 注册路由表黄金快照 —— 仅供 router 包快照测试比对，业务运行时代码从不读取本文件。
# Golden snapshot of the registered route table; only the router snapshot test reads it.
# 由测试生成，禁止手改。路由有意变更后重新生成：
#   go test ./router/ -run TestRouteSnapshotMatchesGolden -update
DELETE /admin/auth.Admin/del
DELETE /admin/auth.AdminLog/del
DELETE /admin/auth.Group/del
DELETE /admin/auth.Rule/del
DELETE /admin/country.Currency/del
DELETE /admin/country.Language/del
DELETE /admin/country.LanguageContent/del
DELETE /admin/routine.Attachment/del
DELETE /admin/routine.Config/del
DELETE /admin/security.DataRecycle/del
DELETE /admin/security.DataRecycleLog/del
DELETE /admin/security.SensitiveData/del
DELETE /admin/security.SensitiveDataLog/del
DELETE /admin/testBuild/del
DELETE /admin/user.Group/del
DELETE /admin/user.Rule/del
DELETE /admin/user.User/del
GET /
GET /admin/Dashboard/index
GET /admin/Index/index
GET /admin/Index/login
GET /admin/ajax/area
GET /admin/ajax/buildSuffixSvg
GET /admin/ajax/getDatabaseConnectionList
GET /admin/ajax/getTableFieldList
GET /admin/ajax/getTableList
GET /admin/ajax/getTablePk
GET /admin/ajax/terminal
GET /admin/auth.Admin/edit
GET /admin/auth.Admin/index
GET /admin/auth.AdminLog/index
GET /admin/auth.Group/edit
GET /admin/auth.Group/index
GET /admin/auth.Rule/edit
GET /admin/auth.Rule/index
GET /admin/country.Currency/edit
GET /admin/country.Currency/index
GET /admin/country.Language/edit
GET /admin/country.Language/index
GET /admin/country.LanguageContent/edit
GET /admin/country.LanguageContent/index
GET /admin/crud.Crud/checkCrudLog
GET /admin/crud.Crud/databaseList
GET /admin/crud.Crud/getFileData
GET /admin/crud.Log/index
GET /admin/module/index
GET /admin/routine.AdminInfo/index
GET /admin/routine.Attachment/edit
GET /admin/routine.Attachment/index
GET /admin/routine.Config/index
GET /admin/security.DataRecycle/add
GET /admin/security.DataRecycle/edit
GET /admin/security.DataRecycle/index
GET /admin/security.DataRecycleLog/index
GET /admin/security.DataRecycleLog/info
GET /admin/security.SensitiveData/add
GET /admin/security.SensitiveData/edit
GET /admin/security.SensitiveData/index
GET /admin/security.SensitiveDataLog/index
GET /admin/security.SensitiveDataLog/info
GET /admin/testBuild/edit
GET /admin/testBuild/index
GET /admin/user.Group/edit
GET /admin/user.Group/index
GET /admin/user.MoneyLog/add
GET /admin/user.MoneyLog/index
GET /admin/user.Rule/edit
GET /admin/user.Rule/index
GET /admin/user.ScoreLog/add
GET /admin/user.ScoreLog/index
GET /admin/user.User/edit
GET /admin/user.User/index
GET /api/account/balance
GET /api/account/integral
GET /api/account/overview
GET /api/account/profile
GET /api/common/captcha
GET /api/common/clickCaptcha
GET /api/index/index
GET /api/install/baseConfig
GET /api/install/envBaseCheck
GET /api/install/terminal
GET /api/user/checkIn
GET /assets/*filepath
GET /favicon.ico
GET /healthz
GET /install/*filepath
GET /static/*filepath
GET /storage/default/*filepath
HEAD /
HEAD /assets/*filepath
HEAD /favicon.ico
HEAD /install/*filepath
HEAD /static/*filepath
HEAD /storage/default/*filepath
POST /admin/Alioss/callback
POST /admin/Index/login
POST /admin/Index/logout
POST /admin/ajax/changeTerminalConfig
POST /admin/ajax/clearCache
POST /admin/ajax/upload
POST /admin/auth.Admin/add
POST /admin/auth.Admin/edit
POST /admin/auth.Group/add
POST /admin/auth.Group/edit
POST /admin/auth.Rule/add
POST /admin/auth.Rule/edit
POST /admin/auth.Rule/sortable
POST /admin/country.Currency/add
POST /admin/country.Currency/edit
POST /admin/country.Currency/sortable
POST /admin/country.Language/add
POST /admin/country.Language/edit
POST /admin/country.Language/sortable
POST /admin/country.LanguageContent/add
POST /admin/country.LanguageContent/edit
POST /admin/country.LanguageContent/sortable
POST /admin/crud.Crud/delete
POST /admin/crud.Crud/generate
POST /admin/crud.Crud/generateCheck
POST /admin/crud.Crud/logStart
POST /admin/crud.Crud/parseFieldData
POST /admin/crud.Crud/uploadCompleted
POST /admin/routine.AdminInfo/edit
POST /admin/routine.Attachment/edit
POST /admin/routine.Config/add
POST /admin/routine.Config/edit
POST /admin/routine.Config/sendTestMail
POST /admin/security.DataRecycle/add
POST /admin/security.DataRecycle/edit
POST /admin/security.DataRecycleLog/restore
POST /admin/security.SensitiveData/add
POST /admin/security.SensitiveData/edit
POST /admin/security.SensitiveDataLog/rollback
POST /admin/testBuild/add
POST /admin/testBuild/edit
POST /admin/user.Group/add
POST /admin/user.Group/edit
POST /admin/user.MoneyLog/add
POST /admin/user.Rule/add
POST /admin/user.Rule/edit
POST /admin/user.Rule/sortable
POST /admin/user.ScoreLog/add
POST /admin/user.User/add
POST /admin/user.User/edit
POST /api/Alioss/callback
POST /api/Ems/send
POST /api/account/changeBind
POST /api/account/changePassword
POST /api/account/profile
POST /api/account/retrievePassword
POST /api/account/verification
POST /api/ajax/area
POST /api/ajax/buildSuffixSvg
POST /api/ajax/upload
POST /api/common/checkClickCaptcha
POST /api/common/refreshToken
POST /api/demo/index
POST /api/install/baseConfig
POST /api/install/changePackageManager
POST /api/install/commandExecComplete
POST /api/install/envNpmCheck
POST /api/install/manualInstall
POST /api/install/mvDist
POST /api/install/testDatabase
POST /api/user/checkIn
POST /api/user/logout
